[   83788ms] [ERROR] Failed to load resource: the server responded with a status of 500 (INTERNAL SERVER ERROR) @ https://dev.pwhr.in/api/method/chatnext_work_connect.chatnext_work_connect.api.recognition.award_direct_recognition:0
[   84115ms] [ERROR] Failed to load resource: the server responded with a status of 500 (INTERNAL SERVER ERROR) @ https://dev.pwhr.in/api/method/chatnext_work_connect.chatnext_work_connect.api.recognition.award_direct_recognition:0
[  113143ms] [ERROR] Failed to load resource: the server responded with a status of 417 (EXPECTATION FAILED) @ https://dev.pwhr.in/api/method/chatnext_work_connect.chatnext_work_connect.api.recognition.award_direct_recognition:0
[  113506ms] [ERROR] Failed to load resource: the server responded with a status of 417 (EXPECTATION FAILED) @ https://dev.pwhr.in/api/method/chatnext_work_connect.chatnext_work_connect.api.recognition.award_direct_recognition:0
[  139692ms] [ERROR] Failed to load resource: the server responded with a status of 404 (NOT FOUND) @ https://dev.pwhr.in/files/website_theme/frappe/public/css/fonts/inter/inter.css:0
[  142506ms] [WARNING] API returned undefined/null for current employee. User may not have an employee record. @ https://dev.pwhr.in/assets/recruitment/webapp/index.BH5JuAAf.js:4702
[  144078ms] [ERROR] Failed to load resource: the server responded with a status of 404 (NOT FOUND) @ https://dev.pwhr.in/logo%20not%20found:0
[  144084ms] [WARNING] ⚠️ [WARN] No employee found for user_id {user_id: Administrator} @ https://dev.pwhr.in/assets/recruitment/webapp/index.BH5JuAAf.js:4702
[  147815ms] [WARNING] The resource https://dev.pwhr.in/website_script.js was preloaded using link preload but not used within a few seconds from the window's load event. Please make sure it has an appropriate `as` value and it is preloaded intentionally. @ https://dev.pwhr.in/webapp:0
[  147815ms] [WARNING] The resource https://dev.pwhr.in/assets/nextai/dist/js/web-app.bundle.QZ6QIZKC.js was preloaded using link preload but not used within a few seconds from the window's load event. Please make sure it has an appropriate `as` value and it is preloaded intentionally. @ https://dev.pwhr.in/webapp:0
[  158092ms] [WARNING] The resource https://dev.pwhr.in/website_script.js was preloaded using link preload but not used within a few seconds from the window's load event. Please make sure it has an appropriate `as` value and it is preloaded intentionally. @ https://dev.pwhr.in/webapp:0
[  158092ms] [WARNING] The resource https://dev.pwhr.in/assets/nextai/dist/js/web-app.bundle.QZ6QIZKC.js was preloaded using link preload but not used within a few seconds from the window's load event. Please make sure it has an appropriate `as` value and it is preloaded intentionally. @ https://dev.pwhr.in/webapp:0
[  164292ms] [WARNING] Blocked aria-hidden on an element because its descendant retained focus. The focus must not be hidden from assistive technology users. Avoid using aria-hidden on a focused element or its ancestor. Consider using the inert attribute instead, which will also prevent focus. For more details, see the aria-hidden section of the WAI-ARIA specification at https://w3c.github.io/aria/#aria-hidden.
Element with focus: <button.btn btn-primary btn-sm btn-modal-primary>
Ancestor with aria-hidden: <div.modal fade> @ https://dev.pwhr.in/app/user/daniel.little@penpencil.live:0
[  192138ms] [ERROR] Failed to load resource: the server responded with a status of 500 (INTERNAL SERVER ERROR) @ https://dev.pwhr.in/api/method/chatnext_work_connect.chatnext_work_connect.api.work_connect_settings.submit_nomination_vote:0
[  192474ms] [ERROR] Failed to load resource: the server responded with a status of 500 (INTERNAL SERVER ERROR) @ https://dev.pwhr.in/api/method/chatnext_work_connect.chatnext_work_connect.api.work_connect_settings.submit_nomination_vote:0
[  215181ms] [ERROR] Failed to load resource: the server responded with a status of 500 (INTERNAL SERVER ERROR) @ https://dev.pwhr.in/api/method/chatnext_work_connect.chatnext_work_connect.api.work_connect_settings.submit_nomination_vote:0
[  215182ms] [ERROR] Traceback (most recent call last):
  File "apps/frappe/frappe/app.py", line 120, in application
    response = frappe.api.handle(request)
               ^^^^^^^^^^^^^^^^^^^^^^^^^^
  File "apps/frappe/frappe/api/__init__.py", line 52, in handle
    data = endpoint(**arguments)
           ^^^^^^^^^^^^^^^^^^^^^
  File "apps/frappe/frappe/api/v1.py", line 40, in handle_rpc_call
    return frappe.handler.handle()
           ^^^^^^^^^^^^^^^^^^^^^^^
  File "apps/frappe/frappe/handler.py", line 53, in handle
    data = execute_cmd(cmd)
           ^^^^^^^^^^^^^^^^
  File "apps/frappe/frappe/handler.py", line 86, in execute_cmd
    return frappe.call(method, **frappe.form_dict)
           ^^^^^^^^^^^^^^^^^^^^^^^^^^^^^^^^^^^^^^^
  File "apps/frappe/frappe/__init__.py", line 1758, in call
    return fn(*args, **newargs)
           ^^^^^^^^^^^^^^^^^^^^
  File "apps/frappe/frappe/utils/typing_validations.py", line 32, in wrapper
    return func(*args, **kwargs)
           ^^^^^^^^^^^^^^^^^^^^^
TypeError: submit_nomination_vote() missing 1 required positional argument: 'nomination_name'
 @ https://dev.pwhr.in/assets/cn_todo_manager/todoapp/ui-vendor-E5SJIlaq.js:0
[  215643ms] [ERROR] Failed to load resource: the server responded with a status of 500 (INTERNAL SERVER ERROR) @ https://dev.pwhr.in/api/method/chatnext_work_connect.chatnext_work_connect.api.work_connect_settings.submit_nomination_vote:0
[  215643ms] [ERROR] Traceback (most recent call last):
  File "apps/frappe/frappe/app.py", line 120, in application
    response = frappe.api.handle(request)
               ^^^^^^^^^^^^^^^^^^^^^^^^^^
  File "apps/frappe/frappe/api/__init__.py", line 52, in handle
    data = endpoint(**arguments)
           ^^^^^^^^^^^^^^^^^^^^^
  File "apps/frappe/frappe/api/v1.py", line 40, in handle_rpc_call
    return frappe.handler.handle()
           ^^^^^^^^^^^^^^^^^^^^^^^
  File "apps/frappe/frappe/handler.py", line 53, in handle
    data = execute_cmd(cmd)
           ^^^^^^^^^^^^^^^^
  File "apps/frappe/frappe/handler.py", line 86, in execute_cmd
    return frappe.call(method, **frappe.form_dict)
           ^^^^^^^^^^^^^^^^^^^^^^^^^^^^^^^^^^^^^^^
  File "apps/frappe/frappe/__init__.py", line 1758, in call
    return fn(*args, **newargs)
           ^^^^^^^^^^^^^^^^^^^^
  File "apps/frappe/frappe/utils/typing_validations.py", line 32, in wrapper
    return func(*args, **kwargs)
           ^^^^^^^^^^^^^^^^^^^^^
TypeError: submit_nomination_vote() missing 1 required positional argument: 'nomination_name'
 @ https://dev.pwhr.in/assets/cn_todo_manager/todoapp/ui-vendor-E5SJIlaq.js:0
[  241421ms] [ERROR] Failed to load resource: the server responded with a status of 417 (EXPECTATION FAILED) @ https://dev.pwhr.in/api/method/chatnext_work_connect.chatnext_work_connect.api.work_connect_settings.submit_nomination_vote:0
[  241762ms] [ERROR] Failed to load resource: the server responded with a status of 417 (EXPECTATION FAILED) @ https://dev.pwhr.in/api/method/chatnext_work_connect.chatnext_work_connect.api.work_connect_settings.submit_nomination_vote:0
[  294357ms] [ERROR] Failed to load resource: the server responded with a status of 404 (NOT FOUND) @ https://dev.pwhr.in/files/website_theme/frappe/public/css/fonts/inter/inter.css:0
[  297238ms] [WARNING] API returned undefined/null for current employee. User may not have an employee record. @ https://dev.pwhr.in/assets/recruitment/webapp/index.BH5JuAAf.js:4702
[  298244ms] [WARNING] ⚠️ [WARN] No employee found for user_id {user_id: Administrator} @ https://dev.pwhr.in/assets/recruitment/webapp/index.BH5JuAAf.js:4702
[  298473ms] [ERROR] Failed to load resource: the server responded with a status of 404 (NOT FOUND) @ https://dev.pwhr.in/logo%20not%20found:0
[  303191ms] [WARNING] Blocked aria-hidden on an element because its descendant retained focus. The focus must not be hidden from assistive technology users. Avoid using aria-hidden on a focused element or its ancestor. Consider using the inert attribute instead, which will also prevent focus. For more details, see the aria-hidden section of the WAI-ARIA specification at https://w3c.github.io/aria/#aria-hidden.
Element with focus: <button.btn btn-primary btn-sm btn-modal-primary>
Ancestor with aria-hidden: <div.modal fade> @ https://dev.pwhr.in/app/user/sherry.garner@penpencil.live:0
[  327038ms] [ERROR] Failed to load resource: the server responded with a status of 404 (NOT FOUND) @ https://dev.pwhr.in/files/website_theme/frappe/public/css/fonts/inter/inter.css:0
[  329672ms] [WARNING] API returned undefined/null for current employee. User may not have an employee record. @ https://dev.pwhr.in/assets/recruitment/webapp/index.BH5JuAAf.js:4702
[  330918ms] [ERROR] Failed to load resource: the server responded with a status of 404 (NOT FOUND) @ https://dev.pwhr.in/logo%20not%20found:0
[  330932ms] [WARNING] ⚠️ [WARN] No employee found for user_id {user_id: Administrator} @ https://dev.pwhr.in/assets/recruitment/webapp/index.BH5JuAAf.js:4702
[  340000ms] [WARNING] The resource https://dev.pwhr.in/website_script.js was preloaded using link preload but not used within a few seconds from the window's load event. Please make sure it has an appropriate `as` value and it is preloaded intentionally. @ https://dev.pwhr.in/webapp:0
[  340000ms] [WARNING] The resource https://dev.pwhr.in/assets/nextai/dist/js/web-app.bundle.QZ6QIZKC.js was preloaded using link preload but not used within a few seconds from the window's load event. Please make sure it has an appropriate `as` value and it is preloaded intentionally. @ https://dev.pwhr.in/webapp:0
[  344823ms] [WARNING] The resource https://dev.pwhr.in/website_script.js was preloaded using link preload but not used within a few seconds from the window's load event. Please make sure it has an appropriate `as` value and it is preloaded intentionally. @ https://dev.pwhr.in/webapp:0
[  344823ms] [WARNING] The resource https://dev.pwhr.in/assets/nextai/dist/js/web-app.bundle.QZ6QIZKC.js was preloaded using link preload but not used within a few seconds from the window's load event. Please make sure it has an appropriate `as` value and it is preloaded intentionally. @ https://dev.pwhr.in/webapp:0
[  355789ms] [WARNING] The resource https://dev.pwhr.in/website_script.js was preloaded using link preload but not used within a few seconds from the window's load event. Please make sure it has an appropriate `as` value and it is preloaded intentionally. @ https://dev.pwhr.in/webapp:0
[  355789ms] [WARNING] The resource https://dev.pwhr.in/assets/nextai/dist/js/web-app.bundle.QZ6QIZKC.js was preloaded using link preload but not used within a few seconds from the window's load event. Please make sure it has an appropriate `as` value and it is preloaded intentionally. @ https://dev.pwhr.in/webapp:0
[  366753ms] [WARNING] The resource https://dev.pwhr.in/website_script.js was preloaded using link preload but not used within a few seconds from the window's load event. Please make sure it has an appropriate `as` value and it is preloaded intentionally. @ https://dev.pwhr.in/webapp:0
[  366753ms] [WARNING] The resource https://dev.pwhr.in/assets/nextai/dist/js/web-app.bundle.QZ6QIZKC.js was preloaded using link preload but not used within a few seconds from the window's load event. Please make sure it has an appropriate `as` value and it is preloaded intentionally. @ https://dev.pwhr.in/webapp:0
[  377717ms] [WARNING] The resource https://dev.pwhr.in/website_script.js was preloaded using link preload but not used within a few seconds from the window's load event. Please make sure it has an appropriate `as` value and it is preloaded intentionally. @ https://dev.pwhr.in/webapp:0
[  377717ms] [WARNING] The resource https://dev.pwhr.in/assets/nextai/dist/js/web-app.bundle.QZ6QIZKC.js was preloaded using link preload but not used within a few seconds from the window's load event. Please make sure it has an appropriate `as` value and it is preloaded intentionally. @ https://dev.pwhr.in/webapp:0
[  388679ms] [WARNING] The resource https://dev.pwhr.in/website_script.js was preloaded using link preload but not used within a few seconds from the window's load event. Please make sure it has an appropriate `as` value and it is preloaded intentionally. @ https://dev.pwhr.in/webapp:0
[  388679ms] [WARNING] The resource https://dev.pwhr.in/assets/nextai/dist/js/web-app.bundle.QZ6QIZKC.js was preloaded using link preload but not used within a few seconds from the window's load event. Please make sure it has an appropriate `as` value and it is preloaded intentionally. @ https://dev.pwhr.in/webapp:0
[  399642ms] [WARNING] The resource https://dev.pwhr.in/website_script.js was preloaded using link preload but not used within a few seconds from the window's load event. Please make sure it has an appropriate `as` value and it is preloaded intentionally. @ https://dev.pwhr.in/webapp:0
[  399642ms] [WARNING] The resource https://dev.pwhr.in/assets/nextai/dist/js/web-app.bundle.QZ6QIZKC.js was preloaded using link preload but not used within a few seconds from the window's load event. Please make sure it has an appropriate `as` value and it is preloaded intentionally. @ https://dev.pwhr.in/webapp:0
[  410613ms] [WARNING] The resource https://dev.pwhr.in/website_script.js was preloaded using link preload but not used within a few seconds from the window's load event. Please make sure it has an appropriate `as` value and it is preloaded intentionally. @ https://dev.pwhr.in/webapp:0
[  410613ms] [WARNING] The resource https://dev.pwhr.in/assets/nextai/dist/js/web-app.bundle.QZ6QIZKC.js was preloaded using link preload but not used within a few seconds from the window's load event. Please make sure it has an appropriate `as` value and it is preloaded intentionally. @ https://dev.pwhr.in/webapp:0
[  421576ms] [WARNING] The resource https://dev.pwhr.in/website_script.js was preloaded using link preload but not used within a few seconds from the window's load event. Please make sure it has an appropriate `as` value and it is preloaded intentionally. @ https://dev.pwhr.in/webapp:0
[  421576ms] [WARNING] The resource https://dev.pwhr.in/assets/nextai/dist/js/web-app.bundle.QZ6QIZKC.js was preloaded using link preload but not used within a few seconds from the window's load event. Please make sure it has an appropriate `as` value and it is preloaded intentionally. @ https://dev.pwhr.in/webapp:0
[  432535ms] [WARNING] The resource https://dev.pwhr.in/website_script.js was preloaded using link preload but not used within a few seconds from the window's load event. Please make sure it has an appropriate `as` value and it is preloaded intentionally. @ https://dev.pwhr.in/webapp:0
[  432535ms] [WARNING] The resource https://dev.pwhr.in/assets/nextai/dist/js/web-app.bundle.QZ6QIZKC.js was preloaded using link preload but not used within a few seconds from the window's load event. Please make sure it has an appropriate `as` value and it is preloaded intentionally. @ https://dev.pwhr.in/webapp:0
[  443497ms] [WARNING] The resource https://dev.pwhr.in/website_script.js was preloaded using link preload but not used within a few seconds from the window's load event. Please make sure it has an appropriate `as` value and it is preloaded intentionally. @ https://dev.pwhr.in/webapp:0
[  443497ms] [WARNING] The resource https://dev.pwhr.in/assets/nextai/dist/js/web-app.bundle.QZ6QIZKC.js was preloaded using link preload but not used within a few seconds from the window's load event. Please make sure it has an appropriate `as` value and it is preloaded intentionally. @ https://dev.pwhr.in/webapp:0
[  454453ms] [WARNING] The resource https://dev.pwhr.in/website_script.js was preloaded using link preload but not used within a few seconds from the window's load event. Please make sure it has an appropriate `as` value and it is preloaded intentionally. @ https://dev.pwhr.in/webapp:0
[  454454ms] [WARNING] The resource https://dev.pwhr.in/assets/nextai/dist/js/web-app.bundle.QZ6QIZKC.js was preloaded using link preload but not used within a few seconds from the window's load event. Please make sure it has an appropriate `as` value and it is preloaded intentionally. @ https://dev.pwhr.in/webapp:0
[  465415ms] [WARNING] The resource https://dev.pwhr.in/website_script.js was preloaded using link preload but not used within a few seconds from the window's load event. Please make sure it has an appropriate `as` value and it is preloaded intentionally. @ https://dev.pwhr.in/webapp:0
[  465415ms] [WARNING] The resource https://dev.pwhr.in/assets/nextai/dist/js/web-app.bundle.QZ6QIZKC.js was preloaded using link preload but not used within a few seconds from the window's load event. Please make sure it has an appropriate `as` value and it is preloaded intentionally. @ https://dev.pwhr.in/webapp:0
[  476382ms] [WARNING] The resource https://dev.pwhr.in/website_script.js was preloaded using link preload but not used within a few seconds from the window's load event. Please make sure it has an appropriate `as` value and it is preloaded intentionally. @ https://dev.pwhr.in/webapp:0
[  476382ms] [WARNING] The resource https://dev.pwhr.in/assets/nextai/dist/js/web-app.bundle.QZ6QIZKC.js was preloaded using link preload but not used within a few seconds from the window's load event. Please make sure it has an appropriate `as` value and it is preloaded intentionally. @ https://dev.pwhr.in/webapp:0
[  487339ms] [WARNING] The resource https://dev.pwhr.in/website_script.js was preloaded using link preload but not used within a few seconds from the window's load event. Please make sure it has an appropriate `as` value and it is preloaded intentionally. @ https://dev.pwhr.in/webapp:0
[  487339ms] [WARNING] The resource https://dev.pwhr.in/assets/nextai/dist/js/web-app.bundle.QZ6QIZKC.js was preloaded using link preload but not used within a few seconds from the window's load event. Please make sure it has an appropriate `as` value and it is preloaded intentionally. @ https://dev.pwhr.in/webapp:0
[  498303ms] [WARNING] The resource https://dev.pwhr.in/website_script.js was preloaded using link preload but not used within a few seconds from the window's load event. Please make sure it has an appropriate `as` value and it is preloaded intentionally. @ https://dev.pwhr.in/webapp:0
[  498304ms] [WARNING] The resource https://dev.pwhr.in/assets/nextai/dist/js/web-app.bundle.QZ6QIZKC.js was preloaded using link preload but not used within a few seconds from the window's load event. Please make sure it has an appropriate `as` value and it is preloaded intentionally. @ https://dev.pwhr.in/webapp:0
[  509268ms] [WARNING] The resource https://dev.pwhr.in/website_script.js was preloaded using link preload but not used within a few seconds from the window's load event. Please make sure it has an appropriate `as` value and it is preloaded intentionally. @ https://dev.pwhr.in/webapp:0
[  509268ms] [WARNING] The resource https://dev.pwhr.in/assets/nextai/dist/js/web-app.bundle.QZ6QIZKC.js was preloaded using link preload but not used within a few seconds from the window's load event. Please make sure it has an appropriate `as` value and it is preloaded intentionally. @ https://dev.pwhr.in/webapp:0
[  520236ms] [WARNING] The resource https://dev.pwhr.in/website_script.js was preloaded using link preload but not used within a few seconds from the window's load event. Please make sure it has an appropriate `as` value and it is preloaded intentionally. @ https://dev.pwhr.in/webapp:0
[  520236ms] [WARNING] The resource https://dev.pwhr.in/assets/nextai/dist/js/web-app.bundle.QZ6QIZKC.js was preloaded using link preload but not used within a few seconds from the window's load event. Please make sure it has an appropriate `as` value and it is preloaded intentionally. @ https://dev.pwhr.in/webapp:0
[  531199ms] [WARNING] The resource https://dev.pwhr.in/website_script.js was preloaded using link preload but not used within a few seconds from the window's load event. Please make sure it has an appropriate `as` value and it is preloaded intentionally. @ https://dev.pwhr.in/webapp:0
[  531199ms] [WARNING] The resource https://dev.pwhr.in/assets/nextai/dist/js/web-app.bundle.QZ6QIZKC.js was preloaded using link preload but not used within a few seconds from the window's load event. Please make sure it has an appropriate `as` value and it is preloaded intentionally. @ https://dev.pwhr.in/webapp:0
[  542159ms] [WARNING] The resource https://dev.pwhr.in/website_script.js was preloaded using link preload but not used within a few seconds from the window's load event. Please make sure it has an appropriate `as` value and it is preloaded intentionally. @ https://dev.pwhr.in/webapp:0
[  542159ms] [WARNING] The resource https://dev.pwhr.in/assets/nextai/dist/js/web-app.bundle.QZ6QIZKC.js was preloaded using link preload but not used within a few seconds from the window's load event. Please make sure it has an appropriate `as` value and it is preloaded intentionally. @ https://dev.pwhr.in/webapp:0
[  553121ms] [WARNING] The resource https://dev.pwhr.in/website_script.js was preloaded using link preload but not used within a few seconds from the window's load event. Please make sure it has an appropriate `as` value and it is preloaded intentionally. @ https://dev.pwhr.in/webapp:0
[  553121ms] [WARNING] The resource https://dev.pwhr.in/assets/nextai/dist/js/web-app.bundle.QZ6QIZKC.js was preloaded using link preload but not used within a few seconds from the window's load event. Please make sure it has an appropriate `as` value and it is preloaded intentionally. @ https://dev.pwhr.in/webapp:0
[  564087ms] [WARNING] The resource https://dev.pwhr.in/website_script.js was preloaded using link preload but not used within a few seconds from the window's load event. Please make sure it has an appropriate `as` value and it is preloaded intentionally. @ https://dev.pwhr.in/webapp:0
[  564087ms] [WARNING] The resource https://dev.pwhr.in/assets/nextai/dist/js/web-app.bundle.QZ6QIZKC.js was preloaded using link preload but not used within a few seconds from the window's load event. Please make sure it has an appropriate `as` value and it is preloaded intentionally. @ https://dev.pwhr.in/webapp:0
[  575055ms] [WARNING] The resource https://dev.pwhr.in/website_script.js was preloaded using link preload but not used within a few seconds from the window's load event. Please make sure it has an appropriate `as` value and it is preloaded intentionally. @ https://dev.pwhr.in/webapp:0
[  575055ms] [WARNING] The resource https://dev.pwhr.in/assets/nextai/dist/js/web-app.bundle.QZ6QIZKC.js was preloaded using link preload but not used within a few seconds from the window's load event. Please make sure it has an appropriate `as` value and it is preloaded intentionally. @ https://dev.pwhr.in/webapp:0
[  586024ms] [WARNING] The resource https://dev.pwhr.in/website_script.js was preloaded using link preload but not used within a few seconds from the window's load event. Please make sure it has an appropriate `as` value and it is preloaded intentionally. @ https://dev.pwhr.in/webapp:0
[  586024ms] [WARNING] The resource https://dev.pwhr.in/assets/nextai/dist/js/web-app.bundle.QZ6QIZKC.js was preloaded using link preload but not used within a few seconds from the window's load event. Please make sure it has an appropriate `as` value and it is preloaded intentionally. @ https://dev.pwhr.in/webapp:0
[  596993ms] [WARNING] The resource https://dev.pwhr.in/website_script.js was preloaded using link preload but not used within a few seconds from the window's load event. Please make sure it has an appropriate `as` value and it is preloaded intentionally. @ https://dev.pwhr.in/webapp:0
[  596993ms] [WARNING] The resource https://dev.pwhr.in/assets/nextai/dist/js/web-app.bundle.QZ6QIZKC.js was preloaded using link preload but not used within a few seconds from the window's load event. Please make sure it has an appropriate `as` value and it is preloaded intentionally. @ https://dev.pwhr.in/webapp:0
[  607959ms] [WARNING] The resource https://dev.pwhr.in/website_script.js was preloaded using link preload but not used within a few seconds from the window's load event. Please make sure it has an appropriate `as` value and it is preloaded intentionally. @ https://dev.pwhr.in/webapp:0
[  607959ms] [WARNING] The resource https://dev.pwhr.in/assets/nextai/dist/js/web-app.bundle.QZ6QIZKC.js was preloaded using link preload but not used within a few seconds from the window's load event. Please make sure it has an appropriate `as` value and it is preloaded intentionally. @ https://dev.pwhr.in/webapp:0
[  618924ms] [WARNING] The resource https://dev.pwhr.in/website_script.js was preloaded using link preload but not used within a few seconds from the window's load event. Please make sure it has an appropriate `as` value and it is preloaded intentionally. @ https://dev.pwhr.in/webapp:0
[  618924ms] [WARNING] The resource https://dev.pwhr.in/assets/nextai/dist/js/web-app.bundle.QZ6QIZKC.js was preloaded using link preload but not used within a few seconds from the window's load event. Please make sure it has an appropriate `as` value and it is preloaded intentionally. @ https://dev.pwhr.in/webapp:0
[  629884ms] [WARNING] The resource https://dev.pwhr.in/website_script.js was preloaded using link preload but not used within a few seconds from the window's load event. Please make sure it has an appropriate `as` value and it is preloaded intentionally. @ https://dev.pwhr.in/webapp:0
[  629884ms] [WARNING] The resource https://dev.pwhr.in/assets/nextai/dist/js/web-app.bundle.QZ6QIZKC.js was preloaded using link preload but not used within a few seconds from the window's load event. Please make sure it has an appropriate `as` value and it is preloaded intentionally. @ https://dev.pwhr.in/webapp:0
[  633926ms] [WARNING] The resource https://dev.pwhr.in/website_script.js was preloaded using link preload but not used within a few seconds from the window's load event. Please make sure it has an appropriate `as` value and it is preloaded intentionally. @ https://dev.pwhr.in/webapp:0
[  633926ms] [WARNING] The resource https://dev.pwhr.in/assets/nextai/dist/js/web-app.bundle.QZ6QIZKC.js was preloaded using link preload but not used within a few seconds from the window's load event. Please make sure it has an appropriate `as` value and it is preloaded intentionally. @ https://dev.pwhr.in/webapp:0
[  640852ms] [WARNING] The resource https://dev.pwhr.in/website_script.js was preloaded using link preload but not used within a few seconds from the window's load event. Please make sure it has an appropriate `as` value and it is preloaded intentionally. @ https://dev.pwhr.in/webapp:0
[  640852ms] [WARNING] The resource https://dev.pwhr.in/assets/nextai/dist/js/web-app.bundle.QZ6QIZKC.js was preloaded using link preload but not used within a few seconds from the window's load event. Please make sure it has an appropriate `as` value and it is preloaded intentionally. @ https://dev.pwhr.in/webapp:0
[  651820ms] [WARNING] The resource https://dev.pwhr.in/website_script.js was preloaded using link preload but not used within a few seconds from the window's load event. Please make sure it has an appropriate `as` value and it is preloaded intentionally. @ https://dev.pwhr.in/webapp:0
[  651820ms] [WARNING] The resource https://dev.pwhr.in/assets/nextai/dist/js/web-app.bundle.QZ6QIZKC.js was preloaded using link preload but not used within a few seconds from the window's load event. Please make sure it has an appropriate `as` value and it is preloaded intentionally. @ https://dev.pwhr.in/webapp:0
[  662784ms] [WARNING] The resource https://dev.pwhr.in/website_script.js was preloaded using link preload but not used within a few seconds from the window's load event. Please make sure it has an appropriate `as` value and it is preloaded intentionally. @ https://dev.pwhr.in/webapp:0
[  662784ms] [WARNING] The resource https://dev.pwhr.in/assets/nextai/dist/js/web-app.bundle.QZ6QIZKC.js was preloaded using link preload but not used within a few seconds from the window's load event. Please make sure it has an appropriate `as` value and it is preloaded intentionally. @ https://dev.pwhr.in/webapp:0
[  673745ms] [WARNING] The resource https://dev.pwhr.in/website_script.js was preloaded using link preload but not used within a few seconds from the window's load event. Please make sure it has an appropriate `as` value and it is preloaded intentionally. @ https://dev.pwhr.in/webapp:0
[  673745ms] [WARNING] The resource https://dev.pwhr.in/assets/nextai/dist/js/web-app.bundle.QZ6QIZKC.js was preloaded using link preload but not used within a few seconds from the window's load event. Please make sure it has an appropriate `as` value and it is preloaded intentionally. @ https://dev.pwhr.in/webapp:0
[  684707ms] [WARNING] The resource https://dev.pwhr.in/website_script.js was preloaded using link preload but not used within a few seconds from the window's load event. Please make sure it has an appropriate `as` value and it is preloaded intentionally. @ https://dev.pwhr.in/webapp:0
[  684707ms] [WARNING] The resource https://dev.pwhr.in/assets/nextai/dist/js/web-app.bundle.QZ6QIZKC.js was preloaded using link preload but not used within a few seconds from the window's load event. Please make sure it has an appropriate `as` value and it is preloaded intentionally. @ https://dev.pwhr.in/webapp:0
[  695675ms] [WARNING] The resource https://dev.pwhr.in/website_script.js was preloaded using link preload but not used within a few seconds from the window's load event. Please make sure it has an appropriate `as` value and it is preloaded intentionally. @ https://dev.pwhr.in/webapp:0
[  695675ms] [WARNING] The resource https://dev.pwhr.in/assets/nextai/dist/js/web-app.bundle.QZ6QIZKC.js was preloaded using link preload but not used within a few seconds from the window's load event. Please make sure it has an appropriate `as` value and it is preloaded intentionally. @ https://dev.pwhr.in/webapp:0
[  706706ms] [WARNING] The resource https://dev.pwhr.in/website_script.js was preloaded using link preload but not used within a few seconds from the window's load event. Please make sure it has an appropriate `as` value and it is preloaded intentionally. @ https://dev.pwhr.in/webapp:0
[  706706ms] [WARNING] The resource https://dev.pwhr.in/assets/nextai/dist/js/web-app.bundle.QZ6QIZKC.js was preloaded using link preload but not used within a few seconds from the window's load event. Please make sure it has an appropriate `as` value and it is preloaded intentionally. @ https://dev.pwhr.in/webapp:0
[  717764ms] [WARNING] The resource https://dev.pwhr.in/website_script.js was preloaded using link preload but not used within a few seconds from the window's load event. Please make sure it has an appropriate `as` value and it is preloaded intentionally. @ https://dev.pwhr.in/webapp:0
[  717764ms] [WARNING] The resource https://dev.pwhr.in/assets/nextai/dist/js/web-app.bundle.QZ6QIZKC.js was preloaded using link preload but not used within a few seconds from the window's load event. Please make sure it has an appropriate `as` value and it is preloaded intentionally. @ https://dev.pwhr.in/webapp:0
[  728829ms] [WARNING] The resource https://dev.pwhr.in/website_script.js was preloaded using link preload but not used within a few seconds from the window's load event. Please make sure it has an appropriate `as` value and it is preloaded intentionally. @ https://dev.pwhr.in/webapp:0
[  728829ms] [WARNING] The resource https://dev.pwhr.in/assets/nextai/dist/js/web-app.bundle.QZ6QIZKC.js was preloaded using link preload but not used within a few seconds from the window's load event. Please make sure it has an appropriate `as` value and it is preloaded intentionally. @ https://dev.pwhr.in/webapp:0
[  739897ms] [WARNING] The resource https://dev.pwhr.in/website_script.js was preloaded using link preload but not used within a few seconds from the window's load event. Please make sure it has an appropriate `as` value and it is preloaded intentionally. @ https://dev.pwhr.in/webapp:0
[  739897ms] [WARNING] The resource https://dev.pwhr.in/assets/nextai/dist/js/web-app.bundle.QZ6QIZKC.js was preloaded using link preload but not used within a few seconds from the window's load event. Please make sure it has an appropriate `as` value and it is preloaded intentionally. @ https://dev.pwhr.in/webapp:0
[  750955ms] [WARNING] The resource https://dev.pwhr.in/website_script.js was preloaded using link preload but not used within a few seconds from the window's load event. Please make sure it has an appropriate `as` value and it is preloaded intentionally. @ https://dev.pwhr.in/webapp:0
[  750955ms] [WARNING] The resource https://dev.pwhr.in/assets/nextai/dist/js/web-app.bundle.QZ6QIZKC.js was preloaded using link preload but not used within a few seconds from the window's load event. Please make sure it has an appropriate `as` value and it is preloaded intentionally. @ https://dev.pwhr.in/webapp:0
[  762014ms] [WARNING] The resource https://dev.pwhr.in/website_script.js was preloaded using link preload but not used within a few seconds from the window's load event. Please make sure it has an appropriate `as` value and it is preloaded intentionally. @ https://dev.pwhr.in/webapp:0
[  762014ms] [WARNING] The resource https://dev.pwhr.in/assets/nextai/dist/js/web-app.bundle.QZ6QIZKC.js was preloaded using link preload but not used within a few seconds from the window's load event. Please make sure it has an appropriate `as` value and it is preloaded intentionally. @ https://dev.pwhr.in/webapp:0
[  773071ms] [WARNING] The resource https://dev.pwhr.in/website_script.js was preloaded using link preload but not used within a few seconds from the window's load event. Please make sure it has an appropriate `as` value and it is preloaded intentionally. @ https://dev.pwhr.in/webapp:0
[  773071ms] [WARNING] The resource https://dev.pwhr.in/assets/nextai/dist/js/web-app.bundle.QZ6QIZKC.js was preloaded using link preload but not used within a few seconds from the window's load event. Please make sure it has an appropriate `as` value and it is preloaded intentionally. @ https://dev.pwhr.in/webapp:0
[  784047ms] [WARNING] The resource https://dev.pwhr.in/website_script.js was preloaded using link preload but not used within a few seconds from the window's load event. Please make sure it has an appropriate `as` value and it is preloaded intentionally. @ https://dev.pwhr.in/webapp:0
[  784047ms] [WARNING] The resource https://dev.pwhr.in/assets/nextai/dist/js/web-app.bundle.QZ6QIZKC.js was preloaded using link preload but not used within a few seconds from the window's load event. Please make sure it has an appropriate `as` value and it is preloaded intentionally. @ https://dev.pwhr.in/webapp:0
[  795087ms] [WARNING] The resource https://dev.pwhr.in/website_script.js was preloaded using link preload but not used within a few seconds from the window's load event. Please make sure it has an appropriate `as` value and it is preloaded intentionally. @ https://dev.pwhr.in/webapp:0
[  795087ms] [WARNING] The resource https://dev.pwhr.in/assets/nextai/dist/js/web-app.bundle.QZ6QIZKC.js was preloaded using link preload but not used within a few seconds from the window's load event. Please make sure it has an appropriate `as` value and it is preloaded intentionally. @ https://dev.pwhr.in/webapp:0
[  806153ms] [WARNING] The resource https://dev.pwhr.in/website_script.js was preloaded using link preload but not used within a few seconds from the window's load event. Please make sure it has an appropriate `as` value and it is preloaded intentionally. @ https://dev.pwhr.in/webapp:0
[  806153ms] [WARNING] The resource https://dev.pwhr.in/assets/nextai/dist/js/web-app.bundle.QZ6QIZKC.js was preloaded using link preload but not used within a few seconds from the window's load event. Please make sure it has an appropriate `as` value and it is preloaded intentionally. @ https://dev.pwhr.in/webapp:0
[  817118ms] [WARNING] The resource https://dev.pwhr.in/website_script.js was preloaded using link preload but not used within a few seconds from the window's load event. Please make sure it has an appropriate `as` value and it is preloaded intentionally. @ https://dev.pwhr.in/webapp:0
[  817118ms] [WARNING] The resource https://dev.pwhr.in/assets/nextai/dist/js/web-app.bundle.QZ6QIZKC.js was preloaded using link preload but not used within a few seconds from the window's load event. Please make sure it has an appropriate `as` value and it is preloaded intentionally. @ https://dev.pwhr.in/webapp:0
[  828082ms] [WARNING] The resource https://dev.pwhr.in/website_script.js was preloaded using link preload but not used within a few seconds from the window's load event. Please make sure it has an appropriate `as` value and it is preloaded intentionally. @ https://dev.pwhr.in/webapp:0
[  828082ms] [WARNING] The resource https://dev.pwhr.in/assets/nextai/dist/js/web-app.bundle.QZ6QIZKC.js was preloaded using link preload but not used within a few seconds from the window's load event. Please make sure it has an appropriate `as` value and it is preloaded intentionally. @ https://dev.pwhr.in/webapp:0
[  839042ms] [WARNING] The resource https://dev.pwhr.in/website_script.js was preloaded using link preload but not used within a few seconds from the window's load event. Please make sure it has an appropriate `as` value and it is preloaded intentionally. @ https://dev.pwhr.in/webapp:0
[  839042ms] [WARNING] The resource https://dev.pwhr.in/assets/nextai/dist/js/web-app.bundle.QZ6QIZKC.js was preloaded using link preload but not used within a few seconds from the window's load event. Please make sure it has an appropriate `as` value and it is preloaded intentionally. @ https://dev.pwhr.in/webapp:0
[  850001ms] [WARNING] The resource https://dev.pwhr.in/website_script.js was preloaded using link preload but not used within a few seconds from the window's load event. Please make sure it has an appropriate `as` value and it is preloaded intentionally. @ https://dev.pwhr.in/webapp:0
[  850001ms] [WARNING] The resource https://dev.pwhr.in/assets/nextai/dist/js/web-app.bundle.QZ6QIZKC.js was preloaded using link preload but not used within a few seconds from the window's load event. Please make sure it has an appropriate `as` value and it is preloaded intentionally. @ https://dev.pwhr.in/webapp:0
[  860968ms] [WARNING] The resource https://dev.pwhr.in/website_script.js was preloaded using link preload but not used within a few seconds from the window's load event. Please make sure it has an appropriate `as` value and it is preloaded intentionally. @ https://dev.pwhr.in/webapp:0
[  860968ms] [WARNING] The resource https://dev.pwhr.in/assets/nextai/dist/js/web-app.bundle.QZ6QIZKC.js was preloaded using link preload but not used within a few seconds from the window's load event. Please make sure it has an appropriate `as` value and it is preloaded intentionally. @ https://dev.pwhr.in/webapp:0
[  871933ms] [WARNING] The resource https://dev.pwhr.in/website_script.js was preloaded using link preload but not used within a few seconds from the window's load event. Please make sure it has an appropriate `as` value and it is preloaded intentionally. @ https://dev.pwhr.in/webapp:0
[  871933ms] [WARNING] The resource https://dev.pwhr.in/assets/nextai/dist/js/web-app.bundle.QZ6QIZKC.js was preloaded using link preload but not used within a few seconds from the window's load event. Please make sure it has an appropriate `as` value and it is preloaded intentionally. @ https://dev.pwhr.in/webapp:0
[  882947ms] [WARNING] The resource https://dev.pwhr.in/website_script.js was preloaded using link preload but not used within a few seconds from the window's load event. Please make sure it has an appropriate `as` value and it is preloaded intentionally. @ https://dev.pwhr.in/webapp:0
[  882947ms] [WARNING] The resource https://dev.pwhr.in/assets/nextai/dist/js/web-app.bundle.QZ6QIZKC.js was preloaded using link preload but not used within a few seconds from the window's load event. Please make sure it has an appropriate `as` value and it is preloaded intentionally. @ https://dev.pwhr.in/webapp:0
[  893916ms] [WARNING] The resource https://dev.pwhr.in/website_script.js was preloaded using link preload but not used within a few seconds from the window's load event. Please make sure it has an appropriate `as` value and it is preloaded intentionally. @ https://dev.pwhr.in/webapp:0
[  893916ms] [WARNING] The resource https://dev.pwhr.in/assets/nextai/dist/js/web-app.bundle.QZ6QIZKC.js was preloaded using link preload but not used within a few seconds from the window's load event. Please make sure it has an appropriate `as` value and it is preloaded intentionally. @ https://dev.pwhr.in/webapp:0
[  904883ms] [WARNING] The resource https://dev.pwhr.in/website_script.js was preloaded using link preload but not used within a few seconds from the window's load event. Please make sure it has an appropriate `as` value and it is preloaded intentionally. @ https://dev.pwhr.in/webapp:0
[  904883ms] [WARNING] The resource https://dev.pwhr.in/assets/nextai/dist/js/web-app.bundle.QZ6QIZKC.js was preloaded using link preload but not used within a few seconds from the window's load event. Please make sure it has an appropriate `as` value and it is preloaded intentionally. @ https://dev.pwhr.in/webapp:0
[  915855ms] [WARNING] The resource https://dev.pwhr.in/website_script.js was preloaded using link preload but not used within a few seconds from the window's load event. Please make sure it has an appropriate `as` value and it is preloaded intentionally. @ https://dev.pwhr.in/webapp:0
[  915855ms] [WARNING] The resource https://dev.pwhr.in/assets/nextai/dist/js/web-app.bundle.QZ6QIZKC.js was preloaded using link preload but not used within a few seconds from the window's load event. Please make sure it has an appropriate `as` value and it is preloaded intentionally. @ https://dev.pwhr.in/webapp:0
[  926873ms] [WARNING] The resource https://dev.pwhr.in/website_script.js was preloaded using link preload but not used within a few seconds from the window's load event. Please make sure it has an appropriate `as` value and it is preloaded intentionally. @ https://dev.pwhr.in/webapp:0
[  926873ms] [WARNING] The resource https://dev.pwhr.in/assets/nextai/dist/js/web-app.bundle.QZ6QIZKC.js was preloaded using link preload but not used within a few seconds from the window's load event. Please make sure it has an appropriate `as` value and it is preloaded intentionally. @ https://dev.pwhr.in/webapp:0
[  934240ms] [WARNING] The resource https://dev.pwhr.in/website_script.js was preloaded using link preload but not used within a few seconds from the window's load event. Please make sure it has an appropriate `as` value and it is preloaded intentionally. @ https://dev.pwhr.in/webapp:0
[  934240ms] [WARNING] The resource https://dev.pwhr.in/assets/nextai/dist/js/web-app.bundle.QZ6QIZKC.js was preloaded using link preload but not used within a few seconds from the window's load event. Please make sure it has an appropriate `as` value and it is preloaded intentionally. @ https://dev.pwhr.in/webapp:0
[  938294ms] [WARNING] The resource https://dev.pwhr.in/website_script.js was preloaded using link preload but not used within a few seconds from the window's load event. Please make sure it has an appropriate `as` value and it is preloaded intentionally. @ https://dev.pwhr.in/webapp:0
[  938294ms] [WARNING] The resource https://dev.pwhr.in/assets/nextai/dist/js/web-app.bundle.QZ6QIZKC.js was preloaded using link preload but not used within a few seconds from the window's load event. Please make sure it has an appropriate `as` value and it is preloaded intentionally. @ https://dev.pwhr.in/webapp:0
[  949686ms] [WARNING] The resource https://dev.pwhr.in/website_script.js was preloaded using link preload but not used within a few seconds from the window's load event. Please make sure it has an appropriate `as` value and it is preloaded intentionally. @ https://dev.pwhr.in/webapp:0
[  949687ms] [WARNING] The resource https://dev.pwhr.in/assets/nextai/dist/js/web-app.bundle.QZ6QIZKC.js was preloaded using link preload but not used within a few seconds from the window's load event. Please make sure it has an appropriate `as` value and it is preloaded intentionally. @ https://dev.pwhr.in/webapp:0
[  960583ms] [WARNING] API returned undefined/null for current employee. User may not have an employee record. @ https://dev.pwhr.in/assets/recruitment/webapp/index.BH5JuAAf.js:4702
[  961314ms] [WARNING] ⚠️ [WARN] No employee found for user_id {user_id: Administrator} @ https://dev.pwhr.in/assets/recruitment/webapp/index.BH5JuAAf.js:4702
[  965154ms] [WARNING] The resource https://dev.pwhr.in/website_script.js was preloaded using link preload but not used within a few seconds from the window's load event. Please make sure it has an appropriate `as` value and it is preloaded intentionally. @ https://dev.pwhr.in/webapp/recognition/leaderboard:0
[  965154ms] [WARNING] The resource https://dev.pwhr.in/assets/nextai/dist/js/web-app.bundle.QZ6QIZKC.js was preloaded using link preload but not used within a few seconds from the window's load event. Please make sure it has an appropriate `as` value and it is preloaded intentionally. @ https://dev.pwhr.in/webapp/recognition/leaderboard:0
[  970640ms] [WARNING] The resource https://dev.pwhr.in/website_script.js was preloaded using link preload but not used within a few seconds from the window's load event. Please make sure it has an appropriate `as` value and it is preloaded intentionally. @ https://dev.pwhr.in/webapp/recognition:0
[  970640ms] [WARNING] The resource https://dev.pwhr.in/assets/nextai/dist/js/web-app.bundle.QZ6QIZKC.js was preloaded using link preload but not used within a few seconds from the window's load event. Please make sure it has an appropriate `as` value and it is preloaded intentionally. @ https://dev.pwhr.in/webapp/recognition:0
[  981212ms] [WARNING] The resource https://dev.pwhr.in/website_script.js was preloaded using link preload but not used within a few seconds from the window's load event. Please make sure it has an appropriate `as` value and it is preloaded intentionally. @ https://dev.pwhr.in/webapp/recognition:0
[  981212ms] [WARNING] The resource https://dev.pwhr.in/assets/nextai/dist/js/web-app.bundle.QZ6QIZKC.js was preloaded using link preload but not used within a few seconds from the window's load event. Please make sure it has an appropriate `as` value and it is preloaded intentionally. @ https://dev.pwhr.in/webapp/recognition:0
[  992191ms] [WARNING] The resource https://dev.pwhr.in/website_script.js was preloaded using link preload but not used within a few seconds from the window's load event. Please make sure it has an appropriate `as` value and it is preloaded intentionally. @ https://dev.pwhr.in/webapp/recognition:0
[  992191ms] [WARNING] The resource https://dev.pwhr.in/assets/nextai/dist/js/web-app.bundle.QZ6QIZKC.js was preloaded using link preload but not used within a few seconds from the window's load event. Please make sure it has an appropriate `as` value and it is preloaded intentionally. @ https://dev.pwhr.in/webapp/recognition:0
[ 1003264ms] [WARNING] The resource https://dev.pwhr.in/website_script.js was preloaded using link preload but not used within a few seconds from the window's load event. Please make sure it has an appropriate `as` value and it is preloaded intentionally. @ https://dev.pwhr.in/webapp/recognition:0
[ 1003264ms] [WARNING] The resource https://dev.pwhr.in/assets/nextai/dist/js/web-app.bundle.QZ6QIZKC.js was preloaded using link preload but not used within a few seconds from the window's load event. Please make sure it has an appropriate `as` value and it is preloaded intentionally. @ https://dev.pwhr.in/webapp/recognition:0
[ 1014250ms] [WARNING] The resource https://dev.pwhr.in/website_script.js was preloaded using link preload but not used within a few seconds from the window's load event. Please make sure it has an appropriate `as` value and it is preloaded intentionally. @ https://dev.pwhr.in/webapp/recognition:0
[ 1014251ms] [WARNING] The resource https://dev.pwhr.in/assets/nextai/dist/js/web-app.bundle.QZ6QIZKC.js was preloaded using link preload but not used within a few seconds from the window's load event. Please make sure it has an appropriate `as` value and it is preloaded intentionally. @ https://dev.pwhr.in/webapp/recognition:0
[ 1025277ms] [WARNING] The resource https://dev.pwhr.in/website_script.js was preloaded using link preload but not used within a few seconds from the window's load event. Please make sure it has an appropriate `as` value and it is preloaded intentionally. @ https://dev.pwhr.in/webapp/recognition:0
[ 1025277ms] [WARNING] The resource https://dev.pwhr.in/assets/nextai/dist/js/web-app.bundle.QZ6QIZKC.js was preloaded using link preload but not used within a few seconds from the window's load event. Please make sure it has an appropriate `as` value and it is preloaded intentionally. @ https://dev.pwhr.in/webapp/recognition:0
[ 1036291ms] [WARNING] The resource https://dev.pwhr.in/website_script.js was preloaded using link preload but not used within a few seconds from the window's load event. Please make sure it has an appropriate `as` value and it is preloaded intentionally. @ https://dev.pwhr.in/webapp/recognition:0
[ 1036291ms] [WARNING] The resource https://dev.pwhr.in/assets/nextai/dist/js/web-app.bundle.QZ6QIZKC.js was preloaded using link preload but not used within a few seconds from the window's load event. Please make sure it has an appropriate `as` value and it is preloaded intentionally. @ https://dev.pwhr.in/webapp/recognition:0
[ 1047685ms] [WARNING] The resource https://dev.pwhr.in/website_script.js was preloaded using link preload but not used within a few seconds from the window's load event. Please make sure it has an appropriate `as` value and it is preloaded intentionally. @ https://dev.pwhr.in/webapp/recognition:0
[ 1047685ms] [WARNING] The resource https://dev.pwhr.in/assets/nextai/dist/js/web-app.bundle.QZ6QIZKC.js was preloaded using link preload but not used within a few seconds from the window's load event. Please make sure it has an appropriate `as` value and it is preloaded intentionally. @ https://dev.pwhr.in/webapp/recognition:0
[ 1058802ms] [WARNING] The resource https://dev.pwhr.in/website_script.js was preloaded using link preload but not used within a few seconds from the window's load event. Please make sure it has an appropriate `as` value and it is preloaded intentionally. @ https://dev.pwhr.in/webapp/recognition:0
[ 1058802ms] [WARNING] The resource https://dev.pwhr.in/assets/nextai/dist/js/web-app.bundle.QZ6QIZKC.js was preloaded using link preload but not used within a few seconds from the window's load event. Please make sure it has an appropriate `as` value and it is preloaded intentionally. @ https://dev.pwhr.in/webapp/recognition:0
[ 1069839ms] [WARNING] The resource https://dev.pwhr.in/website_script.js was preloaded using link preload but not used within a few seconds from the window's load event. Please make sure it has an appropriate `as` value and it is preloaded intentionally. @ https://dev.pwhr.in/webapp/recognition:0
[ 1069839ms] [WARNING] The resource https://dev.pwhr.in/assets/nextai/dist/js/web-app.bundle.QZ6QIZKC.js was preloaded using link preload but not used within a few seconds from the window's load event. Please make sure it has an appropriate `as` value and it is preloaded intentionally. @ https://dev.pwhr.in/webapp/recognition:0
[ 1080813ms] [WARNING] The resource https://dev.pwhr.in/website_script.js was preloaded using link preload but not used within a few seconds from the window's load event. Please make sure it has an appropriate `as` value and it is preloaded intentionally. @ https://dev.pwhr.in/webapp/recognition:0
[ 1080813ms] [WARNING] The resource https://dev.pwhr.in/assets/nextai/dist/js/web-app.bundle.QZ6QIZKC.js was preloaded using link preload but not used within a few seconds from the window's load event. Please make sure it has an appropriate `as` value and it is preloaded intentionally. @ https://dev.pwhr.in/webapp/recognition:0
[ 1091795ms] [WARNING] The resource https://dev.pwhr.in/website_script.js was preloaded using link preload but not used within a few seconds from the window's load event. Please make sure it has an appropriate `as` value and it is preloaded intentionally. @ https://dev.pwhr.in/webapp/recognition:0
[ 1091795ms] [WARNING] The resource https://dev.pwhr.in/assets/nextai/dist/js/web-app.bundle.QZ6QIZKC.js was preloaded using link preload but not used within a few seconds from the window's load event. Please make sure it has an appropriate `as` value and it is preloaded intentionally. @ https://dev.pwhr.in/webapp/recognition:0
[ 1103767ms] [WARNING] The resource https://dev.pwhr.in/website_script.js was preloaded using link preload but not used within a few seconds from the window's load event. Please make sure it has an appropriate `as` value and it is preloaded intentionally. @ https://dev.pwhr.in/webapp/recognition:0
[ 1103767ms] [WARNING] The resource https://dev.pwhr.in/assets/nextai/dist/js/web-app.bundle.QZ6QIZKC.js was preloaded using link preload but not used within a few seconds from the window's load event. Please make sure it has an appropriate `as` value and it is preloaded intentionally. @ https://dev.pwhr.in/webapp/recognition:0
[ 1114800ms] [WARNING] The resource https://dev.pwhr.in/website_script.js was preloaded using link preload but not used within a few seconds from the window's load event. Please make sure it has an appropriate `as` value and it is preloaded intentionally. @ https://dev.pwhr.in/webapp/recognition:0
[ 1114801ms] [WARNING] The resource https://dev.pwhr.in/assets/nextai/dist/js/web-app.bundle.QZ6QIZKC.js was preloaded using link preload but not used within a few seconds from the window's load event. Please make sure it has an appropriate `as` value and it is preloaded intentionally. @ https://dev.pwhr.in/webapp/recognition:0
[ 1125804ms] [WARNING] The resource https://dev.pwhr.in/website_script.js was preloaded using link preload but not used within a few seconds from the window's load event. Please make sure it has an appropriate `as` value and it is preloaded intentionally. @ https://dev.pwhr.in/webapp/recognition:0
[ 1125804ms] [WARNING] The resource https://dev.pwhr.in/assets/nextai/dist/js/web-app.bundle.QZ6QIZKC.js was preloaded using link preload but not used within a few seconds from the window's load event. Please make sure it has an appropriate `as` value and it is preloaded intentionally. @ https://dev.pwhr.in/webapp/recognition:0
[ 1136816ms] [WARNING] The resource https://dev.pwhr.in/website_script.js was preloaded using link preload but not used within a few seconds from the window's load event. Please make sure it has an appropriate `as` value and it is preloaded intentionally. @ https://dev.pwhr.in/webapp/recognition:0
[ 1136816ms] [WARNING] The resource https://dev.pwhr.in/assets/nextai/dist/js/web-app.bundle.QZ6QIZKC.js was preloaded using link preload but not used within a few seconds from the window's load event. Please make sure it has an appropriate `as` value and it is preloaded intentionally. @ https://dev.pwhr.in/webapp/recognition:0
[ 1147819ms] [WARNING] The resource https://dev.pwhr.in/website_script.js was preloaded using link preload but not used within a few seconds from the window's load event. Please make sure it has an appropriate `as` value and it is preloaded intentionally. @ https://dev.pwhr.in/webapp/recognition:0
[ 1147819ms] [WARNING] The resource https://dev.pwhr.in/assets/nextai/dist/js/web-app.bundle.QZ6QIZKC.js was preloaded using link preload but not used within a few seconds from the window's load event. Please make sure it has an appropriate `as` value and it is preloaded intentionally. @ https://dev.pwhr.in/webapp/recognition:0
[ 1158836ms] [WARNING] The resource https://dev.pwhr.in/website_script.js was preloaded using link preload but not used within a few seconds from the window's load event. Please make sure it has an appropriate `as` value and it is preloaded intentionally. @ https://dev.pwhr.in/webapp/recognition:0
[ 1158836ms] [WARNING] The resource https://dev.pwhr.in/assets/nextai/dist/js/web-app.bundle.QZ6QIZKC.js was preloaded using link preload but not used within a few seconds from the window's load event. Please make sure it has an appropriate `as` value and it is preloaded intentionally. @ https://dev.pwhr.in/webapp/recognition:0
[ 1169841ms] [WARNING] The resource https://dev.pwhr.in/website_script.js was preloaded using link preload but not used within a few seconds from the window's load event. Please make sure it has an appropriate `as` value and it is preloaded intentionally. @ https://dev.pwhr.in/webapp/recognition:0
[ 1169841ms] [WARNING] The resource https://dev.pwhr.in/assets/nextai/dist/js/web-app.bundle.QZ6QIZKC.js was preloaded using link preload but not used within a few seconds from the window's load event. Please make sure it has an appropriate `as` value and it is preloaded intentionally. @ https://dev.pwhr.in/webapp/recognition:0
[ 1180853ms] [WARNING] The resource https://dev.pwhr.in/website_script.js was preloaded using link preload but not used within a few seconds from the window's load event. Please make sure it has an appropriate `as` value and it is preloaded intentionally. @ https://dev.pwhr.in/webapp/recognition:0
[ 1180853ms] [WARNING] The resource https://dev.pwhr.in/assets/nextai/dist/js/web-app.bundle.QZ6QIZKC.js was preloaded using link preload but not used within a few seconds from the window's load event. Please make sure it has an appropriate `as` value and it is preloaded intentionally. @ https://dev.pwhr.in/webapp/recognition:0
[ 1191865ms] [WARNING] The resource https://dev.pwhr.in/website_script.js was preloaded using link preload but not used within a few seconds from the window's load event. Please make sure it has an appropriate `as` value and it is preloaded intentionally. @ https://dev.pwhr.in/webapp/recognition:0
[ 1191865ms] [WARNING] The resource https://dev.pwhr.in/assets/nextai/dist/js/web-app.bundle.QZ6QIZKC.js was preloaded using link preload but not used within a few seconds from the window's load event. Please make sure it has an appropriate `as` value and it is preloaded intentionally. @ https://dev.pwhr.in/webapp/recognition:0
[ 1202870ms] [WARNING] The resource https://dev.pwhr.in/website_script.js was preloaded using link preload but not used within a few seconds from the window's load event. Please make sure it has an appropriate `as` value and it is preloaded intentionally. @ https://dev.pwhr.in/webapp/recognition:0
[ 1202870ms] [WARNING] The resource https://dev.pwhr.in/assets/nextai/dist/js/web-app.bundle.QZ6QIZKC.js was preloaded using link preload but not used within a few seconds from the window's load event. Please make sure it has an appropriate `as` value and it is preloaded intentionally. @ https://dev.pwhr.in/webapp/recognition:0
[ 1213988ms] [WARNING] The resource https://dev.pwhr.in/website_script.js was preloaded using link preload but not used within a few seconds from the window's load event. Please make sure it has an appropriate `as` value and it is preloaded intentionally. @ https://dev.pwhr.in/webapp/recognition:0
[ 1213988ms] [WARNING] The resource https://dev.pwhr.in/assets/nextai/dist/js/web-app.bundle.QZ6QIZKC.js was preloaded using link preload but not used within a few seconds from the window's load event. Please make sure it has an appropriate `as` value and it is preloaded intentionally. @ https://dev.pwhr.in/webapp/recognition:0
[ 1224965ms] [WARNING] The resource https://dev.pwhr.in/website_script.js was preloaded using link preload but not used within a few seconds from the window's load event. Please make sure it has an appropriate `as` value and it is preloaded intentionally. @ https://dev.pwhr.in/webapp/recognition:0
[ 1224965ms] [WARNING] The resource https://dev.pwhr.in/assets/nextai/dist/js/web-app.bundle.QZ6QIZKC.js was preloaded using link preload but not used within a few seconds from the window's load event. Please make sure it has an appropriate `as` value and it is preloaded intentionally. @ https://dev.pwhr.in/webapp/recognition:0
[ 1236016ms] [WARNING] The resource https://dev.pwhr.in/website_script.js was preloaded using link preload but not used within a few seconds from the window's load event. Please make sure it has an appropriate `as` value and it is preloaded intentionally. @ https://dev.pwhr.in/webapp/recognition:0
[ 1236016ms] [WARNING] The resource https://dev.pwhr.in/assets/nextai/dist/js/web-app.bundle.QZ6QIZKC.js was preloaded using link preload but not used within a few seconds from the window's load event. Please make sure it has an appropriate `as` value and it is preloaded intentionally. @ https://dev.pwhr.in/webapp/recognition:0
[ 1246997ms] [WARNING] The resource https://dev.pwhr.in/website_script.js was preloaded using link preload but not used within a few seconds from the window's load event. Please make sure it has an appropriate `as` value and it is preloaded intentionally. @ https://dev.pwhr.in/webapp/recognition:0
[ 1246997ms] [WARNING] The resource https://dev.pwhr.in/assets/nextai/dist/js/web-app.bundle.QZ6QIZKC.js was preloaded using link preload but not used within a few seconds from the window's load event. Please make sure it has an appropriate `as` value and it is preloaded intentionally. @ https://dev.pwhr.in/webapp/recognition:0
[ 1258032ms] [WARNING] The resource https://dev.pwhr.in/website_script.js was preloaded using link preload but not used within a few seconds from the window's load event. Please make sure it has an appropriate `as` value and it is preloaded intentionally. @ https://dev.pwhr.in/webapp/recognition:0
[ 1258032ms] [WARNING] The resource https://dev.pwhr.in/assets/nextai/dist/js/web-app.bundle.QZ6QIZKC.js was preloaded using link preload but not used within a few seconds from the window's load event. Please make sure it has an appropriate `as` value and it is preloaded intentionally. @ https://dev.pwhr.in/webapp/recognition:0
[ 1269085ms] [WARNING] The resource https://dev.pwhr.in/website_script.js was preloaded using link preload but not used within a few seconds from the window's load event. Please make sure it has an appropriate `as` value and it is preloaded intentionally. @ https://dev.pwhr.in/webapp/recognition:0
[ 1269085ms] [WARNING] The resource https://dev.pwhr.in/assets/nextai/dist/js/web-app.bundle.QZ6QIZKC.js was preloaded using link preload but not used within a few seconds from the window's load event. Please make sure it has an appropriate `as` value and it is preloaded intentionally. @ https://dev.pwhr.in/webapp/recognition:0
[ 1280230ms] [WARNING] The resource https://dev.pwhr.in/website_script.js was preloaded using link preload but not used within a few seconds from the window's load event. Please make sure it has an appropriate `as` value and it is preloaded intentionally. @ https://dev.pwhr.in/webapp/recognition:0
[ 1280230ms] [WARNING] The resource https://dev.pwhr.in/assets/nextai/dist/js/web-app.bundle.QZ6QIZKC.js was preloaded using link preload but not used within a few seconds from the window's load event. Please make sure it has an appropriate `as` value and it is preloaded intentionally. @ https://dev.pwhr.in/webapp/recognition:0
[ 1291317ms] [WARNING] The resource https://dev.pwhr.in/website_script.js was preloaded using link preload but not used within a few seconds from the window's load event. Please make sure it has an appropriate `as` value and it is preloaded intentionally. @ https://dev.pwhr.in/webapp/recognition:0
[ 1291317ms] [WARNING] The resource https://dev.pwhr.in/assets/nextai/dist/js/web-app.bundle.QZ6QIZKC.js was preloaded using link preload but not used within a few seconds from the window's load event. Please make sure it has an appropriate `as` value and it is preloaded intentionally. @ https://dev.pwhr.in/webapp/recognition:0
[ 1302295ms] [WARNING] The resource https://dev.pwhr.in/website_script.js was preloaded using link preload but not used within a few seconds from the window's load event. Please make sure it has an appropriate `as` value and it is preloaded intentionally. @ https://dev.pwhr.in/webapp/recognition:0
[ 1302295ms] [WARNING] The resource https://dev.pwhr.in/assets/nextai/dist/js/web-app.bundle.QZ6QIZKC.js was preloaded using link preload but not used within a few seconds from the window's load event. Please make sure it has an appropriate `as` value and it is preloaded intentionally. @ https://dev.pwhr.in/webapp/recognition:0
[ 1313271ms] [WARNING] The resource https://dev.pwhr.in/website_script.js was preloaded using link preload but not used within a few seconds from the window's load event. Please make sure it has an appropriate `as` value and it is preloaded intentionally. @ https://dev.pwhr.in/webapp/recognition:0
[ 1313271ms] [WARNING] The resource https://dev.pwhr.in/assets/nextai/dist/js/web-app.bundle.QZ6QIZKC.js was preloaded using link preload but not used within a few seconds from the window's load event. Please make sure it has an appropriate `as` value and it is preloaded intentionally. @ https://dev.pwhr.in/webapp/recognition:0
[ 1324286ms] [WARNING] The resource https://dev.pwhr.in/website_script.js was preloaded using link preload but not used within a few seconds from the window's load event. Please make sure it has an appropriate `as` value and it is preloaded intentionally. @ https://dev.pwhr.in/webapp/recognition:0
[ 1324286ms] [WARNING] The resource https://dev.pwhr.in/assets/nextai/dist/js/web-app.bundle.QZ6QIZKC.js was preloaded using link preload but not used within a few seconds from the window's load event. Please make sure it has an appropriate `as` value and it is preloaded intentionally. @ https://dev.pwhr.in/webapp/recognition:0
[ 1335303ms] [WARNING] The resource https://dev.pwhr.in/website_script.js was preloaded using link preload but not used within a few seconds from the window's load event. Please make sure it has an appropriate `as` value and it is preloaded intentionally. @ https://dev.pwhr.in/webapp/recognition:0
[ 1335303ms] [WARNING] The resource https://dev.pwhr.in/assets/nextai/dist/js/web-app.bundle.QZ6QIZKC.js was preloaded using link preload but not used within a few seconds from the window's load event. Please make sure it has an appropriate `as` value and it is preloaded intentionally. @ https://dev.pwhr.in/webapp/recognition:0
[ 1346299ms] [WARNING] The resource https://dev.pwhr.in/website_script.js was preloaded using link preload but not used within a few seconds from the window's load event. Please make sure it has an appropriate `as` value and it is preloaded intentionally. @ https://dev.pwhr.in/webapp/recognition:0
[ 1346299ms] [WARNING] The resource https://dev.pwhr.in/assets/nextai/dist/js/web-app.bundle.QZ6QIZKC.js was preloaded using link preload but not used within a few seconds from the window's load event. Please make sure it has an appropriate `as` value and it is preloaded intentionally. @ https://dev.pwhr.in/webapp/recognition:0
[ 1357313ms] [WARNING] The resource https://dev.pwhr.in/website_script.js was preloaded using link preload but not used within a few seconds from the window's load event. Please make sure it has an appropriate `as` value and it is preloaded intentionally. @ https://dev.pwhr.in/webapp/recognition:0
[ 1357313ms] [WARNING] The resource https://dev.pwhr.in/assets/nextai/dist/js/web-app.bundle.QZ6QIZKC.js was preloaded using link preload but not used within a few seconds from the window's load event. Please make sure it has an appropriate `as` value and it is preloaded intentionally. @ https://dev.pwhr.in/webapp/recognition:0
[ 1368324ms] [WARNING] The resource https://dev.pwhr.in/website_script.js was preloaded using link preload but not used within a few seconds from the window's load event. Please make sure it has an appropriate `as` value and it is preloaded intentionally. @ https://dev.pwhr.in/webapp/recognition:0
[ 1368324ms] [WARNING] The resource https://dev.pwhr.in/assets/nextai/dist/js/web-app.bundle.QZ6QIZKC.js was preloaded using link preload but not used within a few seconds from the window's load event. Please make sure it has an appropriate `as` value and it is preloaded intentionally. @ https://dev.pwhr.in/webapp/recognition:0
[ 1379334ms] [WARNING] The resource https://dev.pwhr.in/website_script.js was preloaded using link preload but not used within a few seconds from the window's load event. Please make sure it has an appropriate `as` value and it is preloaded intentionally. @ https://dev.pwhr.in/webapp/recognition:0
[ 1379334ms] [WARNING] The resource https://dev.pwhr.in/assets/nextai/dist/js/web-app.bundle.QZ6QIZKC.js was preloaded using link preload but not used within a few seconds from the window's load event. Please make sure it has an appropriate `as` value and it is preloaded intentionally. @ https://dev.pwhr.in/webapp/recognition:0
[ 1390344ms] [WARNING] The resource https://dev.pwhr.in/website_script.js was preloaded using link preload but not used within a few seconds from the window's load event. Please make sure it has an appropriate `as` value and it is preloaded intentionally. @ https://dev.pwhr.in/webapp/recognition:0
[ 1390344ms] [WARNING] The resource https://dev.pwhr.in/assets/nextai/dist/js/web-app.bundle.QZ6QIZKC.js was preloaded using link preload but not used within a few seconds from the window's load event. Please make sure it has an appropriate `as` value and it is preloaded intentionally. @ https://dev.pwhr.in/webapp/recognition:0
[ 1401355ms] [WARNING] The resource https://dev.pwhr.in/website_script.js was preloaded using link preload but not used within a few seconds from the window's load event. Please make sure it has an appropriate `as` value and it is preloaded intentionally. @ https://dev.pwhr.in/webapp/recognition:0
[ 1401355ms] [WARNING] The resource https://dev.pwhr.in/assets/nextai/dist/js/web-app.bundle.QZ6QIZKC.js was preloaded using link preload but not used within a few seconds from the window's load event. Please make sure it has an appropriate `as` value and it is preloaded intentionally. @ https://dev.pwhr.in/webapp/recognition:0
[ 1412359ms] [WARNING] The resource https://dev.pwhr.in/website_script.js was preloaded using link preload but not used within a few seconds from the window's load event. Please make sure it has an appropriate `as` value and it is preloaded intentionally. @ https://dev.pwhr.in/webapp/recognition:0
[ 1412359ms] [WARNING] The resource https://dev.pwhr.in/assets/nextai/dist/js/web-app.bundle.QZ6QIZKC.js was preloaded using link preload but not used within a few seconds from the window's load event. Please make sure it has an appropriate `as` value and it is preloaded intentionally. @ https://dev.pwhr.in/webapp/recognition:0
[ 1423380ms] [WARNING] The resource https://dev.pwhr.in/website_script.js was preloaded using link preload but not used within a few seconds from the window's load event. Please make sure it has an appropriate `as` value and it is preloaded intentionally. @ https://dev.pwhr.in/webapp/recognition:0
[ 1423380ms] [WARNING] The resource https://dev.pwhr.in/assets/nextai/dist/js/web-app.bundle.QZ6QIZKC.js was preloaded using link preload but not used within a few seconds from the window's load event. Please make sure it has an appropriate `as` value and it is preloaded intentionally. @ https://dev.pwhr.in/webapp/recognition:0
[ 1434379ms] [WARNING] The resource https://dev.pwhr.in/website_script.js was preloaded using link preload but not used within a few seconds from the window's load event. Please make sure it has an appropriate `as` value and it is preloaded intentionally. @ https://dev.pwhr.in/webapp/recognition:0
[ 1434379ms] [WARNING] The resource https://dev.pwhr.in/assets/nextai/dist/js/web-app.bundle.QZ6QIZKC.js was preloaded using link preload but not used within a few seconds from the window's load event. Please make sure it has an appropriate `as` value and it is preloaded intentionally. @ https://dev.pwhr.in/webapp/recognition:0
[ 1445432ms] [WARNING] The resource https://dev.pwhr.in/website_script.js was preloaded using link preload but not used within a few seconds from the window's load event. Please make sure it has an appropriate `as` value and it is preloaded intentionally. @ https://dev.pwhr.in/webapp/recognition:0
[ 1445432ms] [WARNING] The resource https://dev.pwhr.in/assets/nextai/dist/js/web-app.bundle.QZ6QIZKC.js was preloaded using link preload but not used within a few seconds from the window's load event. Please make sure it has an appropriate `as` value and it is preloaded intentionally. @ https://dev.pwhr.in/webapp/recognition:0
[ 1456496ms] [WARNING] The resource https://dev.pwhr.in/website_script.js was preloaded using link preload but not used within a few seconds from the window's load event. Please make sure it has an appropriate `as` value and it is preloaded intentionally. @ https://dev.pwhr.in/webapp/recognition:0
[ 1456496ms] [WARNING] The resource https://dev.pwhr.in/assets/nextai/dist/js/web-app.bundle.QZ6QIZKC.js was preloaded using link preload but not used within a few seconds from the window's load event. Please make sure it has an appropriate `as` value and it is preloaded intentionally. @ https://dev.pwhr.in/webapp/recognition:0
[ 1467646ms] [WARNING] The resource https://dev.pwhr.in/website_script.js was preloaded using link preload but not used within a few seconds from the window's load event. Please make sure it has an appropriate `as` value and it is preloaded intentionally. @ https://dev.pwhr.in/webapp/recognition:0
[ 1467646ms] [WARNING] The resource https://dev.pwhr.in/assets/nextai/dist/js/web-app.bundle.QZ6QIZKC.js was preloaded using link preload but not used within a few seconds from the window's load event. Please make sure it has an appropriate `as` value and it is preloaded intentionally. @ https://dev.pwhr.in/webapp/recognition:0
[ 1478649ms] [WARNING] The resource https://dev.pwhr.in/website_script.js was preloaded using link preload but not used within a few seconds from the window's load event. Please make sure it has an appropriate `as` value and it is preloaded intentionally. @ https://dev.pwhr.in/webapp/recognition:0
[ 1478649ms] [WARNING] The resource https://dev.pwhr.in/assets/nextai/dist/js/web-app.bundle.QZ6QIZKC.js was preloaded using link preload but not used within a few seconds from the window's load event. Please make sure it has an appropriate `as` value and it is preloaded intentionally. @ https://dev.pwhr.in/webapp/recognition:0
[ 1489659ms] [WARNING] The resource https://dev.pwhr.in/website_script.js was preloaded using link preload but not used within a few seconds from the window's load event. Please make sure it has an appropriate `as` value and it is preloaded intentionally. @ https://dev.pwhr.in/webapp/recognition:0
[ 1489659ms] [WARNING] The resource https://dev.pwhr.in/assets/nextai/dist/js/web-app.bundle.QZ6QIZKC.js was preloaded using link preload but not used within a few seconds from the window's load event. Please make sure it has an appropriate `as` value and it is preloaded intentionally. @ https://dev.pwhr.in/webapp/recognition:0
[ 1500667ms] [WARNING] The resource https://dev.pwhr.in/website_script.js was preloaded using link preload but not used within a few seconds from the window's load event. Please make sure it has an appropriate `as` value and it is preloaded intentionally. @ https://dev.pwhr.in/webapp/recognition:0
[ 1500667ms] [WARNING] The resource https://dev.pwhr.in/assets/nextai/dist/js/web-app.bundle.QZ6QIZKC.js was preloaded using link preload but not used within a few seconds from the window's load event. Please make sure it has an appropriate `as` value and it is preloaded intentionally. @ https://dev.pwhr.in/webapp/recognition:0
[ 1511679ms] [WARNING] The resource https://dev.pwhr.in/website_script.js was preloaded using link preload but not used within a few seconds from the window's load event. Please make sure it has an appropriate `as` value and it is preloaded intentionally. @ https://dev.pwhr.in/webapp/recognition:0
[ 1511679ms] [WARNING] The resource https://dev.pwhr.in/assets/nextai/dist/js/web-app.bundle.QZ6QIZKC.js was preloaded using link preload but not used within a few seconds from the window's load event. Please make sure it has an appropriate `as` value and it is preloaded intentionally. @ https://dev.pwhr.in/webapp/recognition:0
[ 1522753ms] [WARNING] The resource https://dev.pwhr.in/website_script.js was preloaded using link preload but not used within a few seconds from the window's load event. Please make sure it has an appropriate `as` value and it is preloaded intentionally. @ https://dev.pwhr.in/webapp/recognition:0
[ 1522753ms] [WARNING] The resource https://dev.pwhr.in/assets/nextai/dist/js/web-app.bundle.QZ6QIZKC.js was preloaded using link preload but not used within a few seconds from the window's load event. Please make sure it has an appropriate `as` value and it is preloaded intentionally. @ https://dev.pwhr.in/webapp/recognition:0
[ 1533787ms] [WARNING] The resource https://dev.pwhr.in/website_script.js was preloaded using link preload but not used within a few seconds from the window's load event. Please make sure it has an appropriate `as` value and it is preloaded intentionally. @ https://dev.pwhr.in/webapp/recognition:0
[ 1533788ms] [WARNING] The resource https://dev.pwhr.in/assets/nextai/dist/js/web-app.bundle.QZ6QIZKC.js was preloaded using link preload but not used within a few seconds from the window's load event. Please make sure it has an appropriate `as` value and it is preloaded intentionally. @ https://dev.pwhr.in/webapp/recognition:0
[ 1544779ms] [WARNING] The resource https://dev.pwhr.in/website_script.js was preloaded using link preload but not used within a few seconds from the window's load event. Please make sure it has an appropriate `as` value and it is preloaded intentionally. @ https://dev.pwhr.in/webapp/recognition:0
[ 1544780ms] [WARNING] The resource https://dev.pwhr.in/assets/nextai/dist/js/web-app.bundle.QZ6QIZKC.js was preloaded using link preload but not used within a few seconds from the window's load event. Please make sure it has an appropriate `as` value and it is preloaded intentionally. @ https://dev.pwhr.in/webapp/recognition:0
[ 1555819ms] [WARNING] The resource https://dev.pwhr.in/website_script.js was preloaded using link preload but not used within a few seconds from the window's load event. Please make sure it has an appropriate `as` value and it is preloaded intentionally. @ https://dev.pwhr.in/webapp/recognition:0
[ 1555819ms] [WARNING] The resource https://dev.pwhr.in/assets/nextai/dist/js/web-app.bundle.QZ6QIZKC.js was preloaded using link preload but not used within a few seconds from the window's load event. Please make sure it has an appropriate `as` value and it is preloaded intentionally. @ https://dev.pwhr.in/webapp/recognition:0
[ 1566806ms] [WARNING] The resource https://dev.pwhr.in/website_script.js was preloaded using link preload but not used within a few seconds from the window's load event. Please make sure it has an appropriate `as` value and it is preloaded intentionally. @ https://dev.pwhr.in/webapp/recognition:0
[ 1566806ms] [WARNING] The resource https://dev.pwhr.in/assets/nextai/dist/js/web-app.bundle.QZ6QIZKC.js was preloaded using link preload but not used within a few seconds from the window's load event. Please make sure it has an appropriate `as` value and it is preloaded intentionally. @ https://dev.pwhr.in/webapp/recognition:0
[ 1577810ms] [WARNING] The resource https://dev.pwhr.in/website_script.js was preloaded using link preload but not used within a few seconds from the window's load event. Please make sure it has an appropriate `as` value and it is preloaded intentionally. @ https://dev.pwhr.in/webapp/recognition:0
[ 1577810ms] [WARNING] The resource https://dev.pwhr.in/assets/nextai/dist/js/web-app.bundle.QZ6QIZKC.js was preloaded using link preload but not used within a few seconds from the window's load event. Please make sure it has an appropriate `as` value and it is preloaded intentionally. @ https://dev.pwhr.in/webapp/recognition:0
[ 1588820ms] [WARNING] The resource https://dev.pwhr.in/website_script.js was preloaded using link preload but not used within a few seconds from the window's load event. Please make sure it has an appropriate `as` value and it is preloaded intentionally. @ https://dev.pwhr.in/webapp/recognition:0
[ 1588821ms] [WARNING] The resource https://dev.pwhr.in/assets/nextai/dist/js/web-app.bundle.QZ6QIZKC.js was preloaded using link preload but not used within a few seconds from the window's load event. Please make sure it has an appropriate `as` value and it is preloaded intentionally. @ https://dev.pwhr.in/webapp/recognition:0
[ 1599842ms] [WARNING] The resource https://dev.pwhr.in/website_script.js was preloaded using link preload but not used within a few seconds from the window's load event. Please make sure it has an appropriate `as` value and it is preloaded intentionally. @ https://dev.pwhr.in/webapp/recognition:0
[ 1599842ms] [WARNING] The resource https://dev.pwhr.in/assets/nextai/dist/js/web-app.bundle.QZ6QIZKC.js was preloaded using link preload but not used within a few seconds from the window's load event. Please make sure it has an appropriate `as` value and it is preloaded intentionally. @ https://dev.pwhr.in/webapp/recognition:0
[ 1610844ms] [WARNING] The resource https://dev.pwhr.in/website_script.js was preloaded using link preload but not used within a few seconds from the window's load event. Please make sure it has an appropriate `as` value and it is preloaded intentionally. @ https://dev.pwhr.in/webapp/recognition:0
[ 1610844ms] [WARNING] The resource https://dev.pwhr.in/assets/nextai/dist/js/web-app.bundle.QZ6QIZKC.js was preloaded using link preload but not used within a few seconds from the window's load event. Please make sure it has an appropriate `as` value and it is preloaded intentionally. @ https://dev.pwhr.in/webapp/recognition:0
[ 1617837ms] [WARNING] API returned undefined/null for current employee. User may not have an employee record. @ https://dev.pwhr.in/assets/recruitment/webapp/index.BH5JuAAf.js:4702
[ 1619664ms] [WARNING] ⚠️ [WARN] No employee found for user_id {user_id: Administrator} @ https://dev.pwhr.in/assets/recruitment/webapp/index.BH5JuAAf.js:4702
[ 1621548ms] [WARNING] API returned undefined/null for current employee. User may not have an employee record. @ https://dev.pwhr.in/assets/recruitment/webapp/index.BH5JuAAf.js:4702
[ 1622667ms] [WARNING] ⚠️ [WARN] No employee found for user_id {user_id: Administrator} @ https://dev.pwhr.in/assets/recruitment/webapp/index.BH5JuAAf.js:4702
